../Core/Src/main.c:68:6:map	24	static
../Core/Src/main.c:73:5:__io_putchar	16	static
../Core/Src/main.c:79:13:set_baudrate	16	static
../Core/Src/main.c:100:19:wire_reset	16	static
../Core/Src/main.c:116:12:read_bit	16	static
../Core/Src/main.c:126:9:wire_read	16	static
../Core/Src/main.c:138:13:write_bit	24	static
../Core/Src/main.c:149:6:wire_write	24	static
../Core/Src/main.c:158:16:byte_crc	24	static
../Core/Src/main.c:171:9:wire_crc	24	static
../Core/Src/main.c:192:19:ds18b20_init	8	static
../Core/Src/main.c:197:19:ds18b20_read_address	32	static
../Core/Src/main.c:217:26:send_cmd	24	static
../Core/Src/main.c:235:19:ds18b20_start_measure	16	static
../Core/Src/main.c:240:26:ds18b20_read_scratchpad	32	static
../Core/Src/main.c:258:7:ds18b20_get_temp	32	static
../Core/Src/main.c:280:5:main	56	static
../Core/Src/main.c:452:6:SystemClock_Config	96	static
../Core/Src/main.c:510:13:MX_ADC1_Init	48	static
../Core/Src/main.c:577:13:MX_RTC_Init	8	static
../Core/Src/main.c:613:13:MX_USART1_UART_Init	8	static
../Core/Src/main.c:648:13:MX_USART3_UART_Init	8	static
../Core/Src/main.c:684:13:MX_GPIO_Init	16	static
../Core/Src/main.c:701:6:Error_Handler	4	static,ignoring_inline_asm
